  Logging at level: debug
    Jekyll Version: 4.4.1
Configuration file: /Users/msanoria/Box Sync/[02]MineDocumentation/06_Website/monikaWebsite-src/_config.yml
            Source: /Users/msanoria/Box Sync/[02]MineDocumentation/06_Website/monikaWebsite-src
       Destination: /Users/msanoria/Box Sync/[02]MineDocumentation/06_Website/monikaWebsite-src/_site
 Incremental build: disabled. Enable with --incremental
      Generating... 
           Reading: /_layouts/defaults.html
           Reading: /_layouts/post.html
           Reading: /_layouts/whisper.html
       EntryFilter: excluded /README.md
       EntryFilter: excluded /Gemfile
       EntryFilter: excluded /Gemfile.lock
       EntryFilter: excluded /.jekyll-cache
           Reading: _posts/2024-10-19-PeacePrize2024NihonHidankyo.md
           Reading: _posts/2025-09-22-first-post.md
           Reading: _posts/2025-09-23-emergence-of-efficient-channel-networks.md
           Reading: _posts/2025-09-24-Whole-body connectome.md
           Reading: _posts/2025-09-25-CellPatterning.md
           Reading: _posts/2025-09-26-ScalingInRandomNetworks.md
           Reading: _posts/2025-09-29-FormationOfMotileCellClusters.md
           Reading: _posts/2025-09-30-GeometryEffectsOnEColiMigration.md
           Reading: _posts/2025-10-01-EndocytosisCollectiveCellProperties.md
           Reading: _posts/2025-10-02-OrderedCellPhase.md
           Reading: _posts/2025-10-03-CellCellInteractionStudiedInCellCollider.md
           Reading: _posts/2025-10-05-VisualOfCellularWorld.md
           Reading: _posts/2025-10-06-ProtrusionAndPolarityCollisionCellBehavior.md
           Reading: _posts/2025-10-07-TregCellsNobelPriceInMedicines.md
           Reading: _posts/2025-10-08-SmallWorldNetworks.md
           Reading: _posts/2025-10-09-ATPIndependentUltraFastContraction.md
           Reading: _posts/2025-10-10-EscapeDynamicsOfWorms.md
           Reading: _posts/2025-10-11-VisualOfCellularWorld.md
           Reading: _posts/2025-10-15-OnBeingTheRightSize.md
           Reading: _posts/2025-10-16-CytoskeletonBuckling.md
           Reading: _posts/2025-10-18-VisualOfCellularWorld3.md
           Reading: _posts/2025-10-22-Chemorepulsion_SlimeMold.md
           Reading: _posts/2025-10-24-PolarizedTraffickingAndProtrusionDynamics.md
           Reading: _posts/2025-10-26-VisualOfCellularWorld4.md
           Reading: _posts/2025-10-27-FlokingByTurningAway.md
           Reading: _posts/2025-10-29-genome.md
           Reading: _posts/2025-10-31-ClassesSmallWorldNetworks.md
           Reading: _posts/2025-11-03-evolution.md
           Reading: _posts/2025-11-05-PerspectiveCollective.md
           Reading: _posts/2025-11-07-BiologicalSmallWorldNetworks.md
           Reading: details/SlimeMold.md
           Reading: blog/index.html
           Reading: whispersThroughMe/index.html
           Reading: tags.html
           Reading: index.html
           Reading: news.html
           Reading: _whispersThroughMe/20231103_my_research.md
           Reading: _whispersThroughMe/2024-10-24-Dynamics.md
           Reading: _whispersThroughMe/2024-12-19-future.md
           Reading: _whispersThroughMe/2025-10-25-LStarting new.md
           Reading: _whispersThroughMe/2025-10-25-Level.md
           Reading: _whispersThroughMe/2025-11-07JetLag.md
           Reading: _whispersThroughMe/BlackTalentGoUnnoticed.md
           Reading: _whispersThroughMe/BodyTalks.md
           Reading: _whispersThroughMe/CultureAndFamily.md
           Reading: _whispersThroughMe/DecisionMaking.md
           Reading: _whispersThroughMe/DesireForConversation.md
           Reading: _whispersThroughMe/EmbraceSuffering.md
           Reading: _whispersThroughMe/InspirationFromHumanBody.md
           Reading: _whispersThroughMe/Labor exchange- human morality.md
           Reading: _whispersThroughMe/LiveTogether.md
           Reading: _whispersThroughMe/MarketNotFairGame.md
           Reading: _whispersThroughMe/MikeClassOverwhelming.md
           Reading: _whispersThroughMe/ModelChangeLocalToGlobal.md
           Reading: _whispersThroughMe/NeemKaroliBaba.md
           Reading: _whispersThroughMe/NoOneThinksOfYou.md
           Reading: _whispersThroughMe/Protecting.md
           Reading: _whispersThroughMe/SirShreePrinciple_english.md
           Reading: _whispersThroughMe/StartFromBeginning.md
           Reading: _whispersThroughMe/ThinkBigPhilosopher.md
           Reading: _whispersThroughMe/Three type of people.md
           Reading: _whispersThroughMe/Vipassana2024.md
           Reading: _whispersThroughMe/WIndowOfSoul.md
           Reading: _whispersThroughMe/WhatIsMyPeriority-.md
           Reading: _whispersThroughMe/Why cant we sit still.md
           Reading: _whispersThroughMe/WhyTalk.md
           Reading: _whispersThroughMe/WhyWeWantToWork.md
           Reading: _whispersThroughMe/choteKadam.md
           Reading: _data/site.json
         Rendering: _posts/2024-10-19-PeacePrize2024NihonHidankyo.md
  Pre-Render Hooks: _posts/2024-10-19-PeacePrize2024NihonHidankyo.md
  Rendering Markup: _posts/2024-10-19-PeacePrize2024NihonHidankyo.md
Post-Convert Hooks: _posts/2024-10-19-PeacePrize2024NihonHidankyo.md
  Rendering Layout: _posts/2024-10-19-PeacePrize2024NihonHidankyo.md
         Rendering: _posts/2025-09-22-first-post.md
  Pre-Render Hooks: _posts/2025-09-22-first-post.md
  Rendering Markup: _posts/2025-09-22-first-post.md
Post-Convert Hooks: _posts/2025-09-22-first-post.md
  Rendering Layout: _posts/2025-09-22-first-post.md
         Rendering: _posts/2025-09-23-emergence-of-efficient-channel-networks.md
  Pre-Render Hooks: _posts/2025-09-23-emergence-of-efficient-channel-networks.md
  Rendering Markup: _posts/2025-09-23-emergence-of-efficient-channel-networks.md
Post-Convert Hooks: _posts/2025-09-23-emergence-of-efficient-channel-networks.md
  Rendering Layout: _posts/2025-09-23-emergence-of-efficient-channel-networks.md
         Rendering: _posts/2025-09-24-Whole-body connectome.md
  Pre-Render Hooks: _posts/2025-09-24-Whole-body connectome.md
  Rendering Liquid: _posts/2025-09-24-Whole-body connectome.md
  Rendering Markup: _posts/2025-09-24-Whole-body connectome.md
Post-Convert Hooks: _posts/2025-09-24-Whole-body connectome.md
  Rendering Layout: _posts/2025-09-24-Whole-body connectome.md
         Rendering: _posts/2025-09-25-CellPatterning.md
  Pre-Render Hooks: _posts/2025-09-25-CellPatterning.md
  Rendering Markup: _posts/2025-09-25-CellPatterning.md
Post-Convert Hooks: _posts/2025-09-25-CellPatterning.md
  Rendering Layout: _posts/2025-09-25-CellPatterning.md
         Rendering: _posts/2025-09-26-ScalingInRandomNetworks.md
  Pre-Render Hooks: _posts/2025-09-26-ScalingInRandomNetworks.md
  Rendering Markup: _posts/2025-09-26-ScalingInRandomNetworks.md
Post-Convert Hooks: _posts/2025-09-26-ScalingInRandomNetworks.md
  Rendering Layout: _posts/2025-09-26-ScalingInRandomNetworks.md
         Rendering: _posts/2025-09-29-FormationOfMotileCellClusters.md
  Pre-Render Hooks: _posts/2025-09-29-FormationOfMotileCellClusters.md
  Rendering Markup: _posts/2025-09-29-FormationOfMotileCellClusters.md
Post-Convert Hooks: _posts/2025-09-29-FormationOfMotileCellClusters.md
  Rendering Layout: _posts/2025-09-29-FormationOfMotileCellClusters.md
         Rendering: _posts/2025-09-30-GeometryEffectsOnEColiMigration.md
  Pre-Render Hooks: _posts/2025-09-30-GeometryEffectsOnEColiMigration.md
  Rendering Markup: _posts/2025-09-30-GeometryEffectsOnEColiMigration.md
Post-Convert Hooks: _posts/2025-09-30-GeometryEffectsOnEColiMigration.md
  Rendering Layout: _posts/2025-09-30-GeometryEffectsOnEColiMigration.md
         Rendering: _posts/2025-10-01-EndocytosisCollectiveCellProperties.md
  Pre-Render Hooks: _posts/2025-10-01-EndocytosisCollectiveCellProperties.md
  Rendering Markup: _posts/2025-10-01-EndocytosisCollectiveCellProperties.md
Post-Convert Hooks: _posts/2025-10-01-EndocytosisCollectiveCellProperties.md
  Rendering Layout: _posts/2025-10-01-EndocytosisCollectiveCellProperties.md
         Rendering: _posts/2025-10-02-OrderedCellPhase.md
  Pre-Render Hooks: _posts/2025-10-02-OrderedCellPhase.md
  Rendering Markup: _posts/2025-10-02-OrderedCellPhase.md
Post-Convert Hooks: _posts/2025-10-02-OrderedCellPhase.md
  Rendering Layout: _posts/2025-10-02-OrderedCellPhase.md
         Rendering: _posts/2025-10-03-CellCellInteractionStudiedInCellCollider.md
  Pre-Render Hooks: _posts/2025-10-03-CellCellInteractionStudiedInCellCollider.md
  Rendering Markup: _posts/2025-10-03-CellCellInteractionStudiedInCellCollider.md
Post-Convert Hooks: _posts/2025-10-03-CellCellInteractionStudiedInCellCollider.md
  Rendering Layout: _posts/2025-10-03-CellCellInteractionStudiedInCellCollider.md
         Rendering: _posts/2025-10-05-VisualOfCellularWorld.md
  Pre-Render Hooks: _posts/2025-10-05-VisualOfCellularWorld.md
  Rendering Markup: _posts/2025-10-05-VisualOfCellularWorld.md
Post-Convert Hooks: _posts/2025-10-05-VisualOfCellularWorld.md
  Rendering Layout: _posts/2025-10-05-VisualOfCellularWorld.md
         Rendering: _posts/2025-10-06-ProtrusionAndPolarityCollisionCellBehavior.md
  Pre-Render Hooks: _posts/2025-10-06-ProtrusionAndPolarityCollisionCellBehavior.md
  Rendering Liquid: _posts/2025-10-06-ProtrusionAndPolarityCollisionCellBehavior.md
  Rendering Markup: _posts/2025-10-06-ProtrusionAndPolarityCollisionCellBehavior.md
Post-Convert Hooks: _posts/2025-10-06-ProtrusionAndPolarityCollisionCellBehavior.md
  Rendering Layout: _posts/2025-10-06-ProtrusionAndPolarityCollisionCellBehavior.md
         Rendering: _posts/2025-10-07-TregCellsNobelPriceInMedicines.md
  Pre-Render Hooks: _posts/2025-10-07-TregCellsNobelPriceInMedicines.md
  Rendering Markup: _posts/2025-10-07-TregCellsNobelPriceInMedicines.md
Post-Convert Hooks: _posts/2025-10-07-TregCellsNobelPriceInMedicines.md
  Rendering Layout: _posts/2025-10-07-TregCellsNobelPriceInMedicines.md
         Rendering: _posts/2025-10-08-SmallWorldNetworks.md
  Pre-Render Hooks: _posts/2025-10-08-SmallWorldNetworks.md
  Rendering Markup: _posts/2025-10-08-SmallWorldNetworks.md
Post-Convert Hooks: _posts/2025-10-08-SmallWorldNetworks.md
  Rendering Layout: _posts/2025-10-08-SmallWorldNetworks.md
         Rendering: _posts/2025-10-09-ATPIndependentUltraFastContraction.md
  Pre-Render Hooks: _posts/2025-10-09-ATPIndependentUltraFastContraction.md
  Rendering Markup: _posts/2025-10-09-ATPIndependentUltraFastContraction.md
Post-Convert Hooks: _posts/2025-10-09-ATPIndependentUltraFastContraction.md
  Rendering Layout: _posts/2025-10-09-ATPIndependentUltraFastContraction.md
         Rendering: _posts/2025-10-10-EscapeDynamicsOfWorms.md
  Pre-Render Hooks: _posts/2025-10-10-EscapeDynamicsOfWorms.md
  Rendering Markup: _posts/2025-10-10-EscapeDynamicsOfWorms.md
Post-Convert Hooks: _posts/2025-10-10-EscapeDynamicsOfWorms.md
  Rendering Layout: _posts/2025-10-10-EscapeDynamicsOfWorms.md
         Rendering: _posts/2025-10-11-VisualOfCellularWorld.md
  Pre-Render Hooks: _posts/2025-10-11-VisualOfCellularWorld.md
  Rendering Markup: _posts/2025-10-11-VisualOfCellularWorld.md
Post-Convert Hooks: _posts/2025-10-11-VisualOfCellularWorld.md
  Rendering Layout: _posts/2025-10-11-VisualOfCellularWorld.md
         Rendering: _posts/2025-10-15-OnBeingTheRightSize.md
  Pre-Render Hooks: _posts/2025-10-15-OnBeingTheRightSize.md
  Rendering Markup: _posts/2025-10-15-OnBeingTheRightSize.md
Post-Convert Hooks: _posts/2025-10-15-OnBeingTheRightSize.md
  Rendering Layout: _posts/2025-10-15-OnBeingTheRightSize.md
         Rendering: _posts/2025-10-16-CytoskeletonBuckling.md
  Pre-Render Hooks: _posts/2025-10-16-CytoskeletonBuckling.md
  Rendering Markup: _posts/2025-10-16-CytoskeletonBuckling.md
Post-Convert Hooks: _posts/2025-10-16-CytoskeletonBuckling.md
  Rendering Layout: _posts/2025-10-16-CytoskeletonBuckling.md
         Rendering: _posts/2025-10-18-VisualOfCellularWorld3.md
  Pre-Render Hooks: _posts/2025-10-18-VisualOfCellularWorld3.md
  Rendering Markup: _posts/2025-10-18-VisualOfCellularWorld3.md
Post-Convert Hooks: _posts/2025-10-18-VisualOfCellularWorld3.md
  Rendering Layout: _posts/2025-10-18-VisualOfCellularWorld3.md
         Rendering: _posts/2025-10-22-Chemorepulsion_SlimeMold.md
  Pre-Render Hooks: _posts/2025-10-22-Chemorepulsion_SlimeMold.md
  Rendering Markup: _posts/2025-10-22-Chemorepulsion_SlimeMold.md
Post-Convert Hooks: _posts/2025-10-22-Chemorepulsion_SlimeMold.md
  Rendering Layout: _posts/2025-10-22-Chemorepulsion_SlimeMold.md
         Rendering: _posts/2025-10-24-PolarizedTraffickingAndProtrusionDynamics.md
  Pre-Render Hooks: _posts/2025-10-24-PolarizedTraffickingAndProtrusionDynamics.md
  Rendering Markup: _posts/2025-10-24-PolarizedTraffickingAndProtrusionDynamics.md
Post-Convert Hooks: _posts/2025-10-24-PolarizedTraffickingAndProtrusionDynamics.md
  Rendering Layout: _posts/2025-10-24-PolarizedTraffickingAndProtrusionDynamics.md
         Rendering: _posts/2025-10-26-VisualOfCellularWorld4.md
  Pre-Render Hooks: _posts/2025-10-26-VisualOfCellularWorld4.md
  Rendering Markup: _posts/2025-10-26-VisualOfCellularWorld4.md
Post-Convert Hooks: _posts/2025-10-26-VisualOfCellularWorld4.md
  Rendering Layout: _posts/2025-10-26-VisualOfCellularWorld4.md
         Rendering: _posts/2025-10-27-FlokingByTurningAway.md
  Pre-Render Hooks: _posts/2025-10-27-FlokingByTurningAway.md
  Rendering Markup: _posts/2025-10-27-FlokingByTurningAway.md
Post-Convert Hooks: _posts/2025-10-27-FlokingByTurningAway.md
  Rendering Layout: _posts/2025-10-27-FlokingByTurningAway.md
         Rendering: _posts/2025-10-29-genome.md
  Pre-Render Hooks: _posts/2025-10-29-genome.md
  Rendering Markup: _posts/2025-10-29-genome.md
Post-Convert Hooks: _posts/2025-10-29-genome.md
  Rendering Layout: _posts/2025-10-29-genome.md
         Rendering: _posts/2025-10-31-ClassesSmallWorldNetworks.md
  Pre-Render Hooks: _posts/2025-10-31-ClassesSmallWorldNetworks.md
  Rendering Liquid: _posts/2025-10-31-ClassesSmallWorldNetworks.md
  Rendering Markup: _posts/2025-10-31-ClassesSmallWorldNetworks.md
Post-Convert Hooks: _posts/2025-10-31-ClassesSmallWorldNetworks.md
  Rendering Layout: _posts/2025-10-31-ClassesSmallWorldNetworks.md
         Rendering: _posts/2025-11-03-evolution.md
  Pre-Render Hooks: _posts/2025-11-03-evolution.md
  Rendering Liquid: _posts/2025-11-03-evolution.md
  Rendering Markup: _posts/2025-11-03-evolution.md
Post-Convert Hooks: _posts/2025-11-03-evolution.md
  Rendering Layout: _posts/2025-11-03-evolution.md
         Rendering: _posts/2025-11-05-PerspectiveCollective.md
  Pre-Render Hooks: _posts/2025-11-05-PerspectiveCollective.md
  Rendering Markup: _posts/2025-11-05-PerspectiveCollective.md
Post-Convert Hooks: _posts/2025-11-05-PerspectiveCollective.md
  Rendering Layout: _posts/2025-11-05-PerspectiveCollective.md
         Rendering: _posts/2025-11-07-BiologicalSmallWorldNetworks.md
  Pre-Render Hooks: _posts/2025-11-07-BiologicalSmallWorldNetworks.md
  Rendering Markup: _posts/2025-11-07-BiologicalSmallWorldNetworks.md
Post-Convert Hooks: _posts/2025-11-07-BiologicalSmallWorldNetworks.md
  Rendering Layout: _posts/2025-11-07-BiologicalSmallWorldNetworks.md
         Rendering: _whispersThroughMe/BlackTalentGoUnnoticed.md
  Pre-Render Hooks: _whispersThroughMe/BlackTalentGoUnnoticed.md
  Rendering Markup: _whispersThroughMe/BlackTalentGoUnnoticed.md
Post-Convert Hooks: _whispersThroughMe/BlackTalentGoUnnoticed.md
  Rendering Layout: _whispersThroughMe/BlackTalentGoUnnoticed.md
         Rendering: _whispersThroughMe/BodyTalks.md
  Pre-Render Hooks: _whispersThroughMe/BodyTalks.md
  Rendering Markup: _whispersThroughMe/BodyTalks.md
Post-Convert Hooks: _whispersThroughMe/BodyTalks.md
  Rendering Layout: _whispersThroughMe/BodyTalks.md
         Rendering: _whispersThroughMe/LiveTogether.md
  Pre-Render Hooks: _whispersThroughMe/LiveTogether.md
  Rendering Markup: _whispersThroughMe/LiveTogether.md
Post-Convert Hooks: _whispersThroughMe/LiveTogether.md
  Rendering Layout: _whispersThroughMe/LiveTogether.md
         Rendering: _whispersThroughMe/MikeClassOverwhelming.md
  Pre-Render Hooks: _whispersThroughMe/MikeClassOverwhelming.md
  Rendering Markup: _whispersThroughMe/MikeClassOverwhelming.md
Post-Convert Hooks: _whispersThroughMe/MikeClassOverwhelming.md
  Rendering Layout: _whispersThroughMe/MikeClassOverwhelming.md
         Rendering: _whispersThroughMe/NeemKaroliBaba.md
  Pre-Render Hooks: _whispersThroughMe/NeemKaroliBaba.md
  Rendering Markup: _whispersThroughMe/NeemKaroliBaba.md
Post-Convert Hooks: _whispersThroughMe/NeemKaroliBaba.md
  Rendering Layout: _whispersThroughMe/NeemKaroliBaba.md
         Rendering: _whispersThroughMe/NoOneThinksOfYou.md
  Pre-Render Hooks: _whispersThroughMe/NoOneThinksOfYou.md
  Rendering Markup: _whispersThroughMe/NoOneThinksOfYou.md
Post-Convert Hooks: _whispersThroughMe/NoOneThinksOfYou.md
  Rendering Layout: _whispersThroughMe/NoOneThinksOfYou.md
         Rendering: _whispersThroughMe/Protecting.md
  Pre-Render Hooks: _whispersThroughMe/Protecting.md
  Rendering Markup: _whispersThroughMe/Protecting.md
Post-Convert Hooks: _whispersThroughMe/Protecting.md
  Rendering Layout: _whispersThroughMe/Protecting.md
         Rendering: _whispersThroughMe/ThinkBigPhilosopher.md
  Pre-Render Hooks: _whispersThroughMe/ThinkBigPhilosopher.md
  Rendering Markup: _whispersThroughMe/ThinkBigPhilosopher.md
Post-Convert Hooks: _whispersThroughMe/ThinkBigPhilosopher.md
  Rendering Layout: _whispersThroughMe/ThinkBigPhilosopher.md
         Rendering: _whispersThroughMe/Three type of people.md
  Pre-Render Hooks: _whispersThroughMe/Three type of people.md
  Rendering Markup: _whispersThroughMe/Three type of people.md
Post-Convert Hooks: _whispersThroughMe/Three type of people.md
  Rendering Layout: _whispersThroughMe/Three type of people.md
         Rendering: _whispersThroughMe/WhyTalk.md
  Pre-Render Hooks: _whispersThroughMe/WhyTalk.md
  Rendering Markup: _whispersThroughMe/WhyTalk.md
Post-Convert Hooks: _whispersThroughMe/WhyTalk.md
  Rendering Layout: _whispersThroughMe/WhyTalk.md
         Rendering: _whispersThroughMe/DesireForConversation.md
  Pre-Render Hooks: _whispersThroughMe/DesireForConversation.md
  Rendering Markup: _whispersThroughMe/DesireForConversation.md
Post-Convert Hooks: _whispersThroughMe/DesireForConversation.md
  Rendering Layout: _whispersThroughMe/DesireForConversation.md
         Rendering: _whispersThroughMe/EmbraceSuffering.md
  Pre-Render Hooks: _whispersThroughMe/EmbraceSuffering.md
  Rendering Markup: _whispersThroughMe/EmbraceSuffering.md
Post-Convert Hooks: _whispersThroughMe/EmbraceSuffering.md
  Rendering Layout: _whispersThroughMe/EmbraceSuffering.md
         Rendering: _whispersThroughMe/CultureAndFamily.md
  Pre-Render Hooks: _whispersThroughMe/CultureAndFamily.md
  Rendering Markup: _whispersThroughMe/CultureAndFamily.md
Post-Convert Hooks: _whispersThroughMe/CultureAndFamily.md
  Rendering Layout: _whispersThroughMe/CultureAndFamily.md
         Rendering: _whispersThroughMe/DecisionMaking.md
  Pre-Render Hooks: _whispersThroughMe/DecisionMaking.md
  Rendering Markup: _whispersThroughMe/DecisionMaking.md
Post-Convert Hooks: _whispersThroughMe/DecisionMaking.md
  Rendering Layout: _whispersThroughMe/DecisionMaking.md
         Rendering: _whispersThroughMe/MarketNotFairGame.md
  Pre-Render Hooks: _whispersThroughMe/MarketNotFairGame.md
  Rendering Markup: _whispersThroughMe/MarketNotFairGame.md
Post-Convert Hooks: _whispersThroughMe/MarketNotFairGame.md
  Rendering Layout: _whispersThroughMe/MarketNotFairGame.md
         Rendering: _whispersThroughMe/ModelChangeLocalToGlobal.md
  Pre-Render Hooks: _whispersThroughMe/ModelChangeLocalToGlobal.md
  Rendering Markup: _whispersThroughMe/ModelChangeLocalToGlobal.md
Post-Convert Hooks: _whispersThroughMe/ModelChangeLocalToGlobal.md
  Rendering Layout: _whispersThroughMe/ModelChangeLocalToGlobal.md
         Rendering: _whispersThroughMe/WIndowOfSoul.md
  Pre-Render Hooks: _whispersThroughMe/WIndowOfSoul.md
  Rendering Markup: _whispersThroughMe/WIndowOfSoul.md
Post-Convert Hooks: _whispersThroughMe/WIndowOfSoul.md
  Rendering Layout: _whispersThroughMe/WIndowOfSoul.md
         Rendering: _whispersThroughMe/choteKadam.md
  Pre-Render Hooks: _whispersThroughMe/choteKadam.md
  Rendering Markup: _whispersThroughMe/choteKadam.md
Post-Convert Hooks: _whispersThroughMe/choteKadam.md
  Rendering Layout: _whispersThroughMe/choteKadam.md
         Rendering: _whispersThroughMe/InspirationFromHumanBody.md
  Pre-Render Hooks: _whispersThroughMe/InspirationFromHumanBody.md
  Rendering Markup: _whispersThroughMe/InspirationFromHumanBody.md
Post-Convert Hooks: _whispersThroughMe/InspirationFromHumanBody.md
  Rendering Layout: _whispersThroughMe/InspirationFromHumanBody.md
         Rendering: _whispersThroughMe/Labor exchange- human morality.md
  Pre-Render Hooks: _whispersThroughMe/Labor exchange- human morality.md
  Rendering Markup: _whispersThroughMe/Labor exchange- human morality.md
Post-Convert Hooks: _whispersThroughMe/Labor exchange- human morality.md
  Rendering Layout: _whispersThroughMe/Labor exchange- human morality.md
         Rendering: _whispersThroughMe/WhatIsMyPeriority-.md
  Pre-Render Hooks: _whispersThroughMe/WhatIsMyPeriority-.md
  Rendering Markup: _whispersThroughMe/WhatIsMyPeriority-.md
Post-Convert Hooks: _whispersThroughMe/WhatIsMyPeriority-.md
  Rendering Layout: _whispersThroughMe/WhatIsMyPeriority-.md
         Rendering: _whispersThroughMe/Why cant we sit still.md
  Pre-Render Hooks: _whispersThroughMe/Why cant we sit still.md
  Rendering Markup: _whispersThroughMe/Why cant we sit still.md
Post-Convert Hooks: _whispersThroughMe/Why cant we sit still.md
  Rendering Layout: _whispersThroughMe/Why cant we sit still.md
         Rendering: _whispersThroughMe/WhyWeWantToWork.md
  Pre-Render Hooks: _whispersThroughMe/WhyWeWantToWork.md
  Rendering Markup: _whispersThroughMe/WhyWeWantToWork.md
Post-Convert Hooks: _whispersThroughMe/WhyWeWantToWork.md
  Rendering Layout: _whispersThroughMe/WhyWeWantToWork.md
         Rendering: _whispersThroughMe/SirShreePrinciple_english.md
  Pre-Render Hooks: _whispersThroughMe/SirShreePrinciple_english.md
  Rendering Markup: _whispersThroughMe/SirShreePrinciple_english.md
Post-Convert Hooks: _whispersThroughMe/SirShreePrinciple_english.md
  Rendering Layout: _whispersThroughMe/SirShreePrinciple_english.md
         Rendering: _whispersThroughMe/StartFromBeginning.md
  Pre-Render Hooks: _whispersThroughMe/StartFromBeginning.md
  Rendering Markup: _whispersThroughMe/StartFromBeginning.md
Post-Convert Hooks: _whispersThroughMe/StartFromBeginning.md
  Rendering Layout: _whispersThroughMe/StartFromBeginning.md
         Rendering: _whispersThroughMe/Vipassana2024.md
  Pre-Render Hooks: _whispersThroughMe/Vipassana2024.md
  Rendering Markup: _whispersThroughMe/Vipassana2024.md
Post-Convert Hooks: _whispersThroughMe/Vipassana2024.md
  Rendering Layout: _whispersThroughMe/Vipassana2024.md
         Rendering: _whispersThroughMe/2024-12-19-future.md
  Pre-Render Hooks: _whispersThroughMe/2024-12-19-future.md
  Rendering Markup: _whispersThroughMe/2024-12-19-future.md
Post-Convert Hooks: _whispersThroughMe/2024-12-19-future.md
  Rendering Layout: _whispersThroughMe/2024-12-19-future.md
         Rendering: _whispersThroughMe/2025-10-25-LStarting new.md
  Pre-Render Hooks: _whispersThroughMe/2025-10-25-LStarting new.md
  Rendering Markup: _whispersThroughMe/2025-10-25-LStarting new.md
Post-Convert Hooks: _whispersThroughMe/2025-10-25-LStarting new.md
  Rendering Layout: _whispersThroughMe/2025-10-25-LStarting new.md
         Rendering: _whispersThroughMe/2024-10-24-Dynamics.md
  Pre-Render Hooks: _whispersThroughMe/2024-10-24-Dynamics.md
  Rendering Markup: _whispersThroughMe/2024-10-24-Dynamics.md
Post-Convert Hooks: _whispersThroughMe/2024-10-24-Dynamics.md
  Rendering Layout: _whispersThroughMe/2024-10-24-Dynamics.md
         Rendering: _whispersThroughMe/20231103_my_research.md
  Pre-Render Hooks: _whispersThroughMe/20231103_my_research.md
  Rendering Markup: _whispersThroughMe/20231103_my_research.md
Post-Convert Hooks: _whispersThroughMe/20231103_my_research.md
  Rendering Layout: _whispersThroughMe/20231103_my_research.md
         Rendering: _whispersThroughMe/2025-10-25-Level.md
  Pre-Render Hooks: _whispersThroughMe/2025-10-25-Level.md
  Rendering Markup: _whispersThroughMe/2025-10-25-Level.md
Post-Convert Hooks: _whispersThroughMe/2025-10-25-Level.md
  Rendering Layout: _whispersThroughMe/2025-10-25-Level.md
         Rendering: _whispersThroughMe/2025-11-07JetLag.md
  Pre-Render Hooks: _whispersThroughMe/2025-11-07JetLag.md
  Rendering Markup: _whispersThroughMe/2025-11-07JetLag.md
Post-Convert Hooks: _whispersThroughMe/2025-11-07JetLag.md
  Rendering Layout: _whispersThroughMe/2025-11-07JetLag.md
         Rendering: details/SlimeMold.md
  Pre-Render Hooks: details/SlimeMold.md
  Rendering Markup: details/SlimeMold.md
Post-Convert Hooks: details/SlimeMold.md
  Rendering Layout: details/SlimeMold.md
         Rendering: blog/index.html
  Pre-Render Hooks: blog/index.html
  Rendering Liquid: blog/index.html
  Rendering Markup: blog/index.html
Post-Convert Hooks: blog/index.html
  Rendering Layout: blog/index.html
         Rendering: whispersThroughMe/index.html
  Pre-Render Hooks: whispersThroughMe/index.html
  Rendering Liquid: whispersThroughMe/index.html
  Rendering Markup: whispersThroughMe/index.html
Post-Convert Hooks: whispersThroughMe/index.html
  Rendering Layout: whispersThroughMe/index.html
         Rendering: index.html
  Pre-Render Hooks: index.html
  Rendering Liquid: index.html
  Rendering Markup: index.html
Post-Convert Hooks: index.html
  Rendering Layout: index.html
         Rendering: news.html
  Pre-Render Hooks: news.html
  Rendering Liquid: news.html
  Rendering Markup: news.html
Post-Convert Hooks: news.html
  Rendering Layout: news.html
         Rendering: tags.html
  Pre-Render Hooks: tags.html
  Rendering Liquid: tags.html
  Rendering Markup: tags.html
Post-Convert Hooks: tags.html
  Rendering Layout: tags.html
           Writing: /Users/msanoria/Box Sync/[02]MineDocumentation/06_Website/monikaWebsite-src/_site/details/SlimeMold/index.html
           Writing: /Users/msanoria/Box Sync/[02]MineDocumentation/06_Website/monikaWebsite-src/_site/blog/index.html
           Writing: /Users/msanoria/Box Sync/[02]MineDocumentation/06_Website/monikaWebsite-src/_site/whispersThroughMe/index.html
           Writing: /Users/msanoria/Box Sync/[02]MineDocumentation/06_Website/monikaWebsite-src/_site/index.html
           Writing: /Users/msanoria/Box Sync/[02]MineDocumentation/06_Website/monikaWebsite-src/_site/news/index.html
           Writing: /Users/msanoria/Box Sync/[02]MineDocumentation/06_Website/monikaWebsite-src/_site/tags/index.html
           Writing: /Users/msanoria/Box Sync/[02]MineDocumentation/06_Website/monikaWebsite-src/_site/blog/2024/10/19/PeacePrize2024NihonHidankyo/index.html
           Writing: /Users/msanoria/Box Sync/[02]MineDocumentation/06_Website/monikaWebsite-src/_site/blog/2025/09/22/first-post/index.html
           Writing: /Users/msanoria/Box Sync/[02]MineDocumentation/06_Website/monikaWebsite-src/_site/blog/2025/09/23/emergence-of-efficient-channel-networks/index.html
           Writing: /Users/msanoria/Box Sync/[02]MineDocumentation/06_Website/monikaWebsite-src/_site/blog/2025/09/24/Whole-body-connectome/index.html
           Writing: /Users/msanoria/Box Sync/[02]MineDocumentation/06_Website/monikaWebsite-src/_site/blog/2025/09/25/CellPatterning/index.html
           Writing: /Users/msanoria/Box Sync/[02]MineDocumentation/06_Website/monikaWebsite-src/_site/blog/2025/09/26/ScalingInRandomNetworks/index.html
           Writing: /Users/msanoria/Box Sync/[02]MineDocumentation/06_Website/monikaWebsite-src/_site/blog/2025/09/29/FormationOfMotileCellClusters/index.html
           Writing: /Users/msanoria/Box Sync/[02]MineDocumentation/06_Website/monikaWebsite-src/_site/blog/2025/09/30/GeometryEffectsOnEColiMigration/index.html
           Writing: /Users/msanoria/Box Sync/[02]MineDocumentation/06_Website/monikaWebsite-src/_site/blog/2025/10/01/EndocytosisCollectiveCellProperties/index.html
           Writing: /Users/msanoria/Box Sync/[02]MineDocumentation/06_Website/monikaWebsite-src/_site/blog/2025/10/02/OrderedCellPhase/index.html
           Writing: /Users/msanoria/Box Sync/[02]MineDocumentation/06_Website/monikaWebsite-src/_site/blog/2025/10/03/CellCellInteractionStudiedInCellCollider/index.html
           Writing: /Users/msanoria/Box Sync/[02]MineDocumentation/06_Website/monikaWebsite-src/_site/blog/2025/10/04/VisualOfCellularWorld/index.html
           Writing: /Users/msanoria/Box Sync/[02]MineDocumentation/06_Website/monikaWebsite-src/_site/blog/2025/10/06/ProtrusionAndPolarityCollisionCellBehavior/index.html
           Writing: /Users/msanoria/Box Sync/[02]MineDocumentation/06_Website/monikaWebsite-src/_site/blog/2025/10/07/TregCellsNobelPriceInMedicines/index.html
           Writing: /Users/msanoria/Box Sync/[02]MineDocumentation/06_Website/monikaWebsite-src/_site/blog/2025/10/08/SmallWorldNetworks/index.html
           Writing: /Users/msanoria/Box Sync/[02]MineDocumentation/06_Website/monikaWebsite-src/_site/blog/2025/10/09/ATPIndependentUltraFastContraction/index.html
           Writing: /Users/msanoria/Box Sync/[02]MineDocumentation/06_Website/monikaWebsite-src/_site/blog/2025/10/10/EscapeDynamicsOfWorms/index.html
           Writing: /Users/msanoria/Box Sync/[02]MineDocumentation/06_Website/monikaWebsite-src/_site/blog/2025/10/11/VisualOfCellularWorld/index.html
           Writing: /Users/msanoria/Box Sync/[02]MineDocumentation/06_Website/monikaWebsite-src/_site/blog/2025/10/15/OnBeingTheRightSize/index.html
           Writing: /Users/msanoria/Box Sync/[02]MineDocumentation/06_Website/monikaWebsite-src/_site/blog/2025/10/16/CytoskeletonBuckling/index.html
           Writing: /Users/msanoria/Box Sync/[02]MineDocumentation/06_Website/monikaWebsite-src/_site/blog/2025/10/18/VisualOfCellularWorld3/index.html
           Writing: /Users/msanoria/Box Sync/[02]MineDocumentation/06_Website/monikaWebsite-src/_site/blog/2025/10/22/Chemorepulsion_SlimeMold/index.html
           Writing: /Users/msanoria/Box Sync/[02]MineDocumentation/06_Website/monikaWebsite-src/_site/blog/2025/10/24/PolarizedTraffickingAndProtrusionDynamics/index.html
           Writing: /Users/msanoria/Box Sync/[02]MineDocumentation/06_Website/monikaWebsite-src/_site/blog/2025/10/25/VisualOfCellularWorld4/index.html
           Writing: /Users/msanoria/Box Sync/[02]MineDocumentation/06_Website/monikaWebsite-src/_site/blog/2025/10/27/FlokingByTurningAway/index.html
           Writing: /Users/msanoria/Box Sync/[02]MineDocumentation/06_Website/monikaWebsite-src/_site/blog/2025/10/29/genome/index.html
           Writing: /Users/msanoria/Box Sync/[02]MineDocumentation/06_Website/monikaWebsite-src/_site/blog/2025/10/31/ClassesSmallWorldNetworks/index.html
           Writing: /Users/msanoria/Box Sync/[02]MineDocumentation/06_Website/monikaWebsite-src/_site/blog/2025/11/03/evolution/index.html
           Writing: /Users/msanoria/Box Sync/[02]MineDocumentation/06_Website/monikaWebsite-src/_site/blog/2025/11/05/PerspectiveCollective/index.html
           Writing: /Users/msanoria/Box Sync/[02]MineDocumentation/06_Website/monikaWebsite-src/_site/blog/2025/11/07/BiologicalSmallWorldNetworks/index.html
           Writing: /Users/msanoria/Box Sync/[02]MineDocumentation/06_Website/monikaWebsite-src/_site/whispersThroughMe/BlackTalentGoUnnoticed/index.html
           Writing: /Users/msanoria/Box Sync/[02]MineDocumentation/06_Website/monikaWebsite-src/_site/whispersThroughMe/BodyTalks/index.html
           Writing: /Users/msanoria/Box Sync/[02]MineDocumentation/06_Website/monikaWebsite-src/_site/whispersThroughMe/LiveTogether/index.html
           Writing: /Users/msanoria/Box Sync/[02]MineDocumentation/06_Website/monikaWebsite-src/_site/whispersThroughMe/MikeClassOverwhelming/index.html
           Writing: /Users/msanoria/Box Sync/[02]MineDocumentation/06_Website/monikaWebsite-src/_site/whispersThroughMe/NeemKaroliBaba/index.html
           Writing: /Users/msanoria/Box Sync/[02]MineDocumentation/06_Website/monikaWebsite-src/_site/whispersThroughMe/NoOneThinksOfYou/index.html
           Writing: /Users/msanoria/Box Sync/[02]MineDocumentation/06_Website/monikaWebsite-src/_site/whispersThroughMe/Protecting/index.html
           Writing: /Users/msanoria/Box Sync/[02]MineDocumentation/06_Website/monikaWebsite-src/_site/whispersThroughMe/ThinkBigPhilosopher/index.html
           Writing: /Users/msanoria/Box Sync/[02]MineDocumentation/06_Website/monikaWebsite-src/_site/whispersThroughMe/Three-type-of-people/index.html
           Writing: /Users/msanoria/Box Sync/[02]MineDocumentation/06_Website/monikaWebsite-src/_site/whispersThroughMe/WhyTalk/index.html
           Writing: /Users/msanoria/Box Sync/[02]MineDocumentation/06_Website/monikaWebsite-src/_site/whispersThroughMe/DesireForConversation/index.html
           Writing: /Users/msanoria/Box Sync/[02]MineDocumentation/06_Website/monikaWebsite-src/_site/whispersThroughMe/EmbraceSuffering/index.html
           Writing: /Users/msanoria/Box Sync/[02]MineDocumentation/06_Website/monikaWebsite-src/_site/whispersThroughMe/CultureAndFamily/index.html
           Writing: /Users/msanoria/Box Sync/[02]MineDocumentation/06_Website/monikaWebsite-src/_site/whispersThroughMe/DecisionMaking/index.html
           Writing: /Users/msanoria/Box Sync/[02]MineDocumentation/06_Website/monikaWebsite-src/_site/whispersThroughMe/MarketNotFairGame/index.html
           Writing: /Users/msanoria/Box Sync/[02]MineDocumentation/06_Website/monikaWebsite-src/_site/whispersThroughMe/ModelChangeLocalToGlobal/index.html
           Writing: /Users/msanoria/Box Sync/[02]MineDocumentation/06_Website/monikaWebsite-src/_site/whispersThroughMe/WIndowOfSoul/index.html
           Writing: /Users/msanoria/Box Sync/[02]MineDocumentation/06_Website/monikaWebsite-src/_site/whispersThroughMe/choteKadam/index.html
           Writing: /Users/msanoria/Box Sync/[02]MineDocumentation/06_Website/monikaWebsite-src/_site/whispersThroughMe/InspirationFromHumanBody/index.html
           Writing: /Users/msanoria/Box Sync/[02]MineDocumentation/06_Website/monikaWebsite-src/_site/whispersThroughMe/Labor-exchange-human-morality/index.html
           Writing: /Users/msanoria/Box Sync/[02]MineDocumentation/06_Website/monikaWebsite-src/_site/whispersThroughMe/WhatIsMyPeriority/index.html
           Writing: /Users/msanoria/Box Sync/[02]MineDocumentation/06_Website/monikaWebsite-src/_site/whispersThroughMe/Why-cant-we-sit-still/index.html
           Writing: /Users/msanoria/Box Sync/[02]MineDocumentation/06_Website/monikaWebsite-src/_site/whispersThroughMe/WhyWeWantToWork/index.html
           Writing: /Users/msanoria/Box Sync/[02]MineDocumentation/06_Website/monikaWebsite-src/_site/whispersThroughMe/SirShreePrinciple_english/index.html
           Writing: /Users/msanoria/Box Sync/[02]MineDocumentation/06_Website/monikaWebsite-src/_site/whispersThroughMe/StartFromBeginning/index.html
           Writing: /Users/msanoria/Box Sync/[02]MineDocumentation/06_Website/monikaWebsite-src/_site/whispersThroughMe/Vipassana2024/index.html
           Writing: /Users/msanoria/Box Sync/[02]MineDocumentation/06_Website/monikaWebsite-src/_site/whispersThroughMe/future/index.html
           Writing: /Users/msanoria/Box Sync/[02]MineDocumentation/06_Website/monikaWebsite-src/_site/whispersThroughMe/LStarting-new/index.html
           Writing: /Users/msanoria/Box Sync/[02]MineDocumentation/06_Website/monikaWebsite-src/_site/whispersThroughMe/Dynamics/index.html
           Writing: /Users/msanoria/Box Sync/[02]MineDocumentation/06_Website/monikaWebsite-src/_site/whispersThroughMe/20231103_my_research/index.html
           Writing: /Users/msanoria/Box Sync/[02]MineDocumentation/06_Website/monikaWebsite-src/_site/whispersThroughMe/Level/index.html
           Writing: /Users/msanoria/Box Sync/[02]MineDocumentation/06_Website/monikaWebsite-src/_site/whispersThroughMe/2025-11-07JetLag/index.html
                    done in 0.175 seconds.
 Auto-regeneration: disabled. Use --watch to enable.
